api:
  definitions:
  - name: GreetUserPath
    data: !Struct
      doc: null
      properties:
        user: String
  - name: GreetUserResponseStrEnum
    data: !Enum
      doc: String enum example
      variants:
      - name: FirstVariant
        value: First Variant
      - name: SecondVariant
        value: Second variant $
      - name: V123
        value: '!123'
      - name: HelloWorld
        value: Hello, "World"
      - name: HelloWorld2
        value: Hello, \"World2\"!
  - name: GreetUserResponse
    data: !Struct
      doc: Enum container
      properties:
        strEnum: GreetUserResponseStrEnum
        intEnum: i64
  operations:
  - name: greet_user
    path: /hello/{user}
    method: Get
    doc: Returns a greeting to the user!
    param_path: web::Path<GreetUserPath>
    param_query: null
    param_body: null
    response: web::Json<GreetUserResponse>
