api:
  definitions:
  - name: GreetUserPath
    data: !Struct
      doc: null
      properties:
      - name: user
        rename: user
        default: null
        ptype: String
  operations:
  - name: greet_user
    path: /hello/{user}
    method: Post
    doc: Returns a greeting to the user!
    param_path: web::Path<GreetUserPath>
    param_query: null
    param_body: web::Json<String>
    response: web::Json<String>
